// Vitest Snapshot v1, https://vitest.dev/guide/snapshot.html

exports[`unit:theme/components/atoms/Break > should render <br> 1`] = `<br />`;
