// Vitest Snapshot v1, https://vitest.dev/guide/snapshot.html

exports[`unit:theme/components/atoms/Figcaption > should render <figcaption> 1`] = `<figcaption />`;
