// Vitest Snapshot v1, https://vitest.dev/guide/snapshot.html

exports[`unit:theme/components/atoms/Figure > should render <figure> 1`] = `<figure />`;
