// Vitest Snapshot v1, https://vitest.dev/guide/snapshot.html

exports[`unit:theme/components/atoms/HeadingGroup > should render <hgroup> 1`] = `
<hgroup>
  <h1>
    Hello, world 
    <span
      aria-label="world emoji"
      role="img"
    >
      ðŸŒŽ
    </span>
    <span
      aria-label="wave emoji"
      role="img"
    >
      ðŸ‘‹
    </span>
  </h1>
  <p>
    The quick brown fox jumped over the lazy dog
  </p>
</hgroup>
`;
