// Vitest Snapshot v1, https://vitest.dev/guide/snapshot.html

exports[`unit:theme/components/atoms/Nav > should render <nav> 1`] = `<nav />`;
