// Vitest Snapshot v1, https://vitest.dev/guide/snapshot.html

exports[`unit:theme/components/atoms/Paragraph > should render <p> 1`] = `
<p>
  the quick brown fox jumped over the lazy dog
</p>
`;
