// Vitest Snapshot v1, https://vitest.dev/guide/snapshot.html

exports[`unit:theme/components/atoms/Span > should render <span> 1`] = `
<span>
  The quick brown fox jumped over the lazy dog
</span>
`;
